
> frontend@0.1.0 build
> next build

node.exe : ΓÜá 
Warning: Next.js 
inferred your 
workspace root, but it 
may not be correct.
At line:1 char:1
+ & "C:\Program 
Files\nodejs/node.exe" 
"C:\Program 
Files\nodejs/node_mo 
...
+ ~~~~~~~~~~~~~~~~~~~~~
~~~~~~~~~~~~~~~~~~~~~~~
~~~~~~~~~~~~~~~~~~~~~~~
~~
    + CategoryInfo     
         : NotSpecifi  
  ed: (ΓÜá Warning:    
 Ne...not be correc    
t.:String) [], Rem    
oteException
    + FullyQualifiedEr 
   rorId : NativeComm  
  andError
 
 We detected multiple 
lockfiles and selected 
the directory of C:\Use
rs\hp\package-lock.json
 as the root directory.
 To silence this 
warning, set 
`turbopack.root` in 
your Next.js config, 
or consider removing 
one of the lockfiles 
if it's not needed.
   See https://nextjs.o
rg/docs/app/api-referen
ce/config/next-config-j
s/turbopack#root-direct
ory for more 
information.
 Detected additional 
lockfiles: 
   * C:\Users\hp\Deskto
p\waitlist\frontend\pac
kage-lock.json

Γû▓ Next.js 16.2.0 (Turbopack)

  Creating an optimized production build ...

> Build error occurred
Error: Turbopack build 
failed with 2 errors:
./Desktop/waitlist/fron
tend/src/components/sec
tions/Hero.tsx:5:1
Module not found: 
Can't resolve 'gsap'
  [90m3 |[0m 
[36mimport[0m 
[33mReact[0m, { 
useEffect, useRef } 
[36mfrom[0m 
[32m'react'[0m;
  [90m4 |[0m 
[36mimport[0m { 
motion } [36mfrom[0m 
[32m'framer-motion'[0
m;
[31m[1m>[0m [90m5 
|[0m [36mimport[0m 
gsap [36mfrom[0m 
[32m'gsap'[0m;
  [90m  |[0m [31m[1
m^^^^^^^^^^^^^^^^^^^^^^
^^[0m
  [90m6 |[0m 
[36mimport[0m { 
[33mScrollTrigger[0m 
} [36mfrom[0m [32m'g
sap/dist/ScrollTrigger'
[0m;
  [90m7 |[0m 
[36mimport[0m 
[33mButton[0m 
[36mfrom[0m [32m'@/c
omponents/ui/Button'[0
m;
  [90m8 |[0m 
[36mimport[0m 
[33mHeroGlobe[0m 
[36mfrom[0m 
[32m'./HeroGlobe'[0m;



Import traces:
  Client Component 
Browser:
    ./Desktop/waitlist/
frontend/src/components
/sections/Hero.tsx 
[Client Component 
Browser]
    ./Desktop/waitlist/
frontend/src/app/page.t
sx [Client Component 
Browser]
    ./Desktop/waitlist/
frontend/src/app/page.t
sx [Server Component]

  Client Component SSR:
    ./Desktop/waitlist/
frontend/src/components
/sections/Hero.tsx 
[Client Component SSR]
    ./Desktop/waitlist/
frontend/src/app/page.t
sx [Client Component 
SSR]
    ./Desktop/waitlist/
frontend/src/app/page.t
sx [Server Component]

https://nextjs.org/docs
/messages/module-not-fo
und


./Desktop/waitlist/fron
tend/src/components/sec
tions/Hero.tsx:6:1
Module not found: 
Can't resolve 'gsap/dis
t/ScrollTrigger'
  [90m4 |[0m 
[36mimport[0m { 
motion } [36mfrom[0m 
[32m'framer-motion'[0
m;
  [90m5 |[0m 
[36mimport[0m gsap 
[36mfrom[0m 
[32m'gsap'[0m;
[31m[1m>[0m [90m6 
|[0m [36mimport[0m 
{ 
[33mScrollTrigger[0m 
} [36mfrom[0m [32m'g
sap/dist/ScrollTrigger'
[0m;
  [90m  |[0m [31m[1
m^^^^^^^^^^^^^^^^^^^^^^
^^^^^^^^^^^^^^^^^^^^^^^
^^^^^^^^^^^[0m
  [90m7 |[0m 
[36mimport[0m 
[33mButton[0m 
[36mfrom[0m [32m'@/c
omponents/ui/Button'[0
m;
  [90m8 |[0m 
[36mimport[0m 
[33mHeroGlobe[0m 
[36mfrom[0m 
[32m'./HeroGlobe'[0m;
  [90m9 |[0m



Import traces:
  Client Component 
Browser:
    ./Desktop/waitlist/
frontend/src/components
/sections/Hero.tsx 
[Client Component 
Browser]
    ./Desktop/waitlist/
frontend/src/app/page.t
sx [Client Component 
Browser]
    ./Desktop/waitlist/
frontend/src/app/page.t
sx [Server Component]

  Client Component SSR:
    ./Desktop/waitlist/
frontend/src/components
/sections/Hero.tsx 
[Client Component SSR]
    ./Desktop/waitlist/
frontend/src/app/page.t
sx [Client Component 
SSR]
    ./Desktop/waitlist/
frontend/src/app/page.t
sx [Server Component]

https://nextjs.org/docs
/messages/module-not-fo
und


    at <unknown> (./Des
ktop/waitlist/frontend/
src/components/sections
/Hero.tsx:5:1)
    at <unknown> (https
://nextjs.org/docs/mess
ages/module-not-found)
    at <unknown> (./Des
ktop/waitlist/frontend/
src/components/sections
/Hero.tsx:6:1)
    at <unknown> (https
://nextjs.org/docs/mess
ages/module-not-found)
